=== Diagnóstico em Mon Jul  7 12:43:55 -03 2025 ===
Espaço em disco:
Filesystem                             Size  Used Avail Use% Mounted on
/dev/root                              2.9G  2.7G  131M  96% /
tmpfs                                  1.7G  1.0M  1.7G   1% /dev
tmpfs                                  1.7G     0  1.7G   0% /mnt
/dev/block/dm-1                         59M  164K   58M   1% /oem
/dev/block/dm-2                        744M  215M  514M  30% /vendor
tmpfs                                  1.7G     0  1.7G   0% /apex
/dev/block/dm-3                        788K  760K   12K  99% /apex/com.android.tzdata@306700000
/dev/block/dm-4                         26M   26M     0 100% /apex/com.android.tethering@360671220
/dev/block/dm-5                         19M   19M     0 100% /apex/com.android.cellbroadcast@360671160
/dev/block/dm-6                         10M   10M     0 100% /apex/com.android.adbd@360527560
/dev/block/dm-7                         31M   31M     0 100% /apex/com.android.mediaprovider@360673340
/dev/block/dm-8                        764K  736K   16K  98% /apex/com.android.sdkext@360655020
/dev/block/dm-9                         24M   24M     0 100% /apex/com.android.extservices@360671260
/dev/block/dm-10                       836K  808K   12K  99% /apex/com.android.ipsec@360527560
/dev/block/dm-11                       7.0M  6.9M     0 100% /apex/com.android.conscrypt@360527560
/dev/block/dm-12                       4.4M  4.4M     0 100% /apex/com.android.resolv@360671160
/dev/block/dm-13                       7.6M  7.5M     0 100% /apex/com.android.neuralnetworks@360527560
/dev/block/dm-14                       6.6M  6.6M     0 100% /apex/com.android.media@360673340
/dev/block/dm-15                        26M   26M     0 100% /apex/com.android.permission@360673420
/dev/block/dm-16                        27M   27M     0 100% /apex/com.android.media.swcodec@360673340
/dev/block/dm-17                       2.9M  2.9M     0 100% /apex/com.android.os.statsd@360527520
/dev/block/loop21                       24M   24M     0 100% /apex/com.android.i18n@1
/dev/block/loop22                      5.0M  4.9M     0 100% /apex/com.android.runtime@1
/dev/block/loop23                      4.8M  4.8M     0 100% /apex/com.android.wifi@300000000
/dev/block/loop24                      109M  109M     0 100% /apex/com.android.vndk.v30@1
/dev/block/loop25                       83M   83M     0 100% /apex/com.android.art@1
/dev/block/loop26                      232K   92K  136K  41% /apex/com.android.apex.cts.shim@1
/dev/block/bootdevice/by-name/userdata 111G   21G   89G  20% /data
/dev/fuse                              111G   21G   89G  20% /storage/emulated
Memória livre:
               total        used        free      shared  buff/cache   available
Mem:           3.7Gi       2.2Gi        98Mi        10Mi       1.3Gi       1.2Gi
Swap:          2.0Gi       1.0Gi       1.0Gi
Processos Python ativos:
Últimas 20 linhas do log do bot:
